// Jest Snapshot v1, https://goo.gl/fbAQLP

exports[`LoginPanel renders correctly Matches Snapshot 1`] = `
ShallowWrapper {
  "complexSelector": ComplexSelector {
    "buildPredicate": [Function],
    "childrenOfNode": [Function],
    "findWhereUnwrapped": [Function],
  },
  "length": 1,
  "node": <form
    className="form-signin pull-right"
    onSubmit={[Function]}
>
    <div>
        <h4>
            Login:
        </h4>
    </div>
    <div>
        <div>
            <label>
                User name:
            </label>
            <br />
            <input
                name="username"
                onChange={[Function]}
                placeholder="username..."
                type="text"
                value=""
            />
        </div>
        <div>
            <label>
                Password:
            </label>
            <br />
            <input
                name="password"
                onChange={[Function]}
                placeholder="password..."
                type="password"
                value=""
            />
        </div>
        <input
            className="btn btn-primary"
            type="submit"
            value="submit"
        />
    </div>
</form>,
  "nodes": Array [
    <form
      className="form-signin pull-right"
      onSubmit={[Function]}
>
      <div>
            <h4>
                  Login:
            </h4>
      </div>
      <div>
            <div>
                  <label>
                        User name:
                  </label>
                  <br />
                  <input
                        name="username"
                        onChange={[Function]}
                        placeholder="username..."
                        type="text"
                        value=""
                  />
            </div>
            <div>
                  <label>
                        Password:
                  </label>
                  <br />
                  <input
                        name="password"
                        onChange={[Function]}
                        placeholder="password..."
                        type="password"
                        value=""
                  />
            </div>
            <input
                  className="btn btn-primary"
                  type="submit"
                  value="submit"
            />
      </div>
</form>,
  ],
  "options": Object {},
  "renderer": ReactShallowRenderer {
    "_instance": ShallowComponentWrapper {
      "_calledComponentWillUnmount": false,
      "_compositeType": 0,
      "_context": Object {},
      "_currentElement": <LoginPanel
        completedPhrase={null}
        onSelected={[Function]}
        submitCallback={[Function]}
        title="Login:"
/>,
      "_debugID": 1,
      "_hostContainerInfo": null,
      "_hostParent": null,
      "_instance": LoginPanel {
        "_reactInternalInstance": [Circular],
        "context": Object {},
        "displayCompleted": [Function],
        "displayForm": [Function],
        "handleChange": [Function],
        "handleSubmit": [Function],
        "props": Object {
          "completedPhrase": null,
          "onSelected": [Function],
          "submitCallback": [Function],
          "title": "Login:",
        },
        "refs": Object {},
        "state": Object {
          "password": "",
          "username": "",
        },
        "updater": Object {
          "enqueueCallback": [Function],
          "enqueueCallbackInternal": [Function],
          "enqueueElementInternal": [Function],
          "enqueueForceUpdate": [Function],
          "enqueueReplaceState": [Function],
          "enqueueSetState": [Function],
          "isMounted": [Function],
          "validateCallback": [Function],
        },
      },
      "_mountOrder": 1,
      "_pendingCallbacks": null,
      "_pendingElement": null,
      "_pendingForceUpdate": false,
      "_pendingReplaceState": false,
      "_pendingStateQueue": null,
      "_renderedComponent": NoopInternalComponent {
        "_currentElement": <form
          className="form-signin pull-right"
          onSubmit={[Function]}
>
          <div>
                    <h4>
                              Login:
                    </h4>
          </div>
          <div>
                    <div>
                              <label>
                                        User name:
                              </label>
                              <br />
                              <input
                                        name="username"
                                        onChange={[Function]}
                                        placeholder="username..."
                                        type="text"
                                        value=""
                              />
                    </div>
                    <div>
                              <label>
                                        Password:
                              </label>
                              <br />
                              <input
                                        name="password"
                                        onChange={[Function]}
                                        placeholder="password..."
                                        type="password"
                                        value=""
                              />
                    </div>
                    <input
                              className="btn btn-primary"
                              type="submit"
                              value="submit"
                    />
          </div>
</form>,
        "_debugID": 2,
        "_renderedOutput": <form
          className="form-signin pull-right"
          onSubmit={[Function]}
>
          <div>
                    <h4>
                              Login:
                    </h4>
          </div>
          <div>
                    <div>
                              <label>
                                        User name:
                              </label>
                              <br />
                              <input
                                        name="username"
                                        onChange={[Function]}
                                        placeholder="username..."
                                        type="text"
                                        value=""
                              />
                    </div>
                    <div>
                              <label>
                                        Password:
                              </label>
                              <br />
                              <input
                                        name="password"
                                        onChange={[Function]}
                                        placeholder="password..."
                                        type="password"
                                        value=""
                              />
                    </div>
                    <input
                              className="btn btn-primary"
                              type="submit"
                              value="submit"
                    />
          </div>
</form>,
      },
      "_renderedNodeType": 0,
      "_rootNodeID": 0,
      "_topLevelWrapper": null,
      "_updateBatchNumber": null,
      "_warnedAboutRefsInRender": false,
    },
    "getRenderOutput": [Function],
    "render": [Function],
  },
  "root": [Circular],
  "unrendered": <LoginPanel
    completedPhrase={null}
    onSelected={[Function]}
    submitCallback={[Function]}
    title="Login:"
/>,
}
`;
