// Jest Snapshot v1, https://goo.gl/fbAQLP

exports[`TodoCheckbox renders correctly Matches Snapshot 1`] = `
ShallowWrapper {
  "complexSelector": ComplexSelector {
    "buildPredicate": [Function],
    "childrenOfNode": [Function],
    "findWhereUnwrapped": [Function],
  },
  "length": 1,
  "node": <input
    checked={true}
    onChange={[Function]}
    type="checkbox"
/>,
  "nodes": Array [
    <input
      checked={true}
      onChange={[Function]}
      type="checkbox"
/>,
  ],
  "options": Object {},
  "renderer": ReactShallowRenderer {
    "_instance": ShallowComponentWrapper {
      "_calledComponentWillUnmount": false,
      "_compositeType": 0,
      "_context": Object {},
      "_currentElement": <TodoCheckbox
        todo={
                Object {
                        "__v": 0,
                        "_id": "5814eaee84f3bf7ff597e16f",
                        "createdAt": "2016-10-29T18:31:10.075Z",
                        "done": true,
                        "priority": 0,
                        "text": "test",
                      }
        }
        toggleCallback={[Function]}
/>,
      "_debugID": 1,
      "_hostContainerInfo": null,
      "_hostParent": null,
      "_instance": TodoCheckbox {
        "_reactInternalInstance": [Circular],
        "context": Object {},
        "props": Object {
          "todo": Object {
            "__v": 0,
            "_id": "5814eaee84f3bf7ff597e16f",
            "createdAt": "2016-10-29T18:31:10.075Z",
            "done": true,
            "priority": 0,
            "text": "test",
          },
          "toggleCallback": [Function],
        },
        "refs": Object {},
        "state": null,
        "updater": Object {
          "enqueueCallback": [Function],
          "enqueueCallbackInternal": [Function],
          "enqueueElementInternal": [Function],
          "enqueueForceUpdate": [Function],
          "enqueueReplaceState": [Function],
          "enqueueSetState": [Function],
          "isMounted": [Function],
          "validateCallback": [Function],
        },
      },
      "_mountOrder": 1,
      "_pendingCallbacks": null,
      "_pendingElement": null,
      "_pendingForceUpdate": false,
      "_pendingReplaceState": false,
      "_pendingStateQueue": null,
      "_renderedComponent": NoopInternalComponent {
        "_currentElement": <input
          checked={true}
          onChange={[Function]}
          type="checkbox"
/>,
        "_debugID": 2,
        "_renderedOutput": <input
          checked={true}
          onChange={[Function]}
          type="checkbox"
/>,
      },
      "_renderedNodeType": 0,
      "_rootNodeID": 0,
      "_topLevelWrapper": null,
      "_updateBatchNumber": null,
      "_warnedAboutRefsInRender": false,
    },
    "getRenderOutput": [Function],
    "render": [Function],
  },
  "root": [Circular],
  "unrendered": <TodoCheckbox
    todo={
        Object {
            "__v": 0,
            "_id": "5814eaee84f3bf7ff597e16f",
            "createdAt": "2016-10-29T18:31:10.075Z",
            "done": true,
            "priority": 0,
            "text": "test",
          }
    }
    toggleCallback={[Function]}
/>,
}
`;
